../Core/Src/fatfs_sd_card.c:35:13:SPI_TxBuffer	16	static
../Core/Src/fatfs_sd_card.c:28:13:SPI_TxByte	16	static
../Core/Src/fatfs_sd_card.c:14:13:SELECT	8	static
../Core/Src/fatfs_sd_card.c:21:13:DESELECT	8	static
../Core/Src/fatfs_sd_card.c:42:16:SPI_RxByte	24	static
../Core/Src/fatfs_sd_card.c:80:13:SD_PowerOn	16	static
../Core/Src/fatfs_sd_card.c:64:16:SD_ReadyWait	8	static
../Core/Src/fatfs_sd_card.c:159:13:SD_TxDataBlock	16	static
../Core/Src/fatfs_sd_card.c:201:13:SD_SendCmd	16	static
../Core/Src/fatfs_sd_card.c:130:13:SD_RxDataBlock	16	static
../Core/Src/fatfs_sd_card.c:240:9:SD_disk_initialize	32	static
../Core/Src/fatfs_sd_card.c:340:9:SD_disk_status	0	static
../Core/Src/fatfs_sd_card.c:347:9:SD_disk_read	16	static
../Core/Src/fatfs_sd_card.c:389:9:SD_disk_write	24	static
../Core/Src/fatfs_sd_card.c:444:9:SD_disk_ioctl	32	static
