../Core/Src/main.c:183:6:HAL_TIM_PeriodElapsedCallback	0	static
../Core/Src/main.c:191:7:getBatteryVoltage	8	static
../Core/Src/main.c:199:6:append_data_buf	16	static
../Core/Src/main.c:210:6:init	32	static
../Core/Src/main.c:238:6:add_packet_to_sd_card	64	static
../Core/Src/main.c:495:6:SystemClock_Config	120	static,ignoring_inline_asm
../Core/Src/main.c:141:6:HAL_GPIO_EXTI_Callback	16	static
../Core/Src/main.c:269:5:main	80	static,ignoring_inline_asm
../Core/Src/main.c:884:6:Error_Handler	0	static,ignoring_inline_asm
