../Core/Src/main.c:127:6:HAL_GPIO_EXTI_Callback	24	static
../Core/Src/main.c:162:6:HAL_TIM_PeriodElapsedCallback	16	static
../Core/Src/main.c:170:6:appendDataBuf	16	static
../Core/Src/main.c:181:6:init	32	static
../Core/Src/main.c:213:6:add_packet_to_sd_card	136	static
../Core/Src/main.c:246:6:log_info_to_sd_card	48	static
../Core/Src/main.c:289:6:send_data	32	static
../Core/Src/main.c:341:9:parse_gnss_data	40	static
../Core/Src/main.c:419:5:main	24	static
../Core/Src/main.c:537:6:SystemClock_Config	128	static
../Core/Src/main.c:587:13:MX_ADC_Init	16	static
../Core/Src/main.c:643:13:MX_I2C1_Init	8	static
../Core/Src/main.c:691:13:MX_SPI1_Init	8	static
../Core/Src/main.c:729:13:MX_TIM6_Init	16	static
../Core/Src/main.c:767:13:MX_USART1_UART_Init	8	static
../Core/Src/main.c:800:13:MX_DMA_Init	16	static
../Core/Src/main.c:818:13:MX_GPIO_Init	48	static
../Core/Src/main.c:886:6:Error_Handler	8	static,ignoring_inline_asm
