../Drivers/CMSIS/Include/core_cm0plus.h:983:34:__NVIC_SystemReset	8	static,ignoring_inline_asm
../Core/Src/stm32l0xx_it.c:71:6:NMI_Handler	8	static
../Core/Src/stm32l0xx_it.c:86:6:HardFault_Handler	8	static
../Core/Src/stm32l0xx_it.c:101:6:SVC_Handler	8	static
../Core/Src/stm32l0xx_it.c:114:6:PendSV_Handler	8	static
../Core/Src/stm32l0xx_it.c:127:6:SysTick_Handler	8	static
../Core/Src/stm32l0xx_it.c:153:6:EXTI0_1_IRQHandler	8	static
../Core/Src/stm32l0xx_it.c:166:6:DMA1_Channel2_3_IRQHandler	8	static
../Core/Src/stm32l0xx_it.c:180:6:DMA1_Channel4_5_6_7_IRQHandler	8	static
../Core/Src/stm32l0xx_it.c:194:6:TIM6_DAC_IRQHandler	8	static
