../Drivers/CMSIS/Include/core_cm0plus.h:983:34:__NVIC_SystemReset	8	static,ignoring_inline_asm
../Core/Src/stm32l0xx_it.c:70:6:NMI_Handler	8	static
../Core/Src/stm32l0xx_it.c:85:6:HardFault_Handler	8	static
../Core/Src/stm32l0xx_it.c:100:6:SVC_Handler	8	static
../Core/Src/stm32l0xx_it.c:113:6:PendSV_Handler	8	static
../Core/Src/stm32l0xx_it.c:126:6:SysTick_Handler	8	static
../Core/Src/stm32l0xx_it.c:152:6:EXTI0_1_IRQHandler	8	static
../Core/Src/stm32l0xx_it.c:165:6:DMA1_Channel2_3_IRQHandler	8	static
../Core/Src/stm32l0xx_it.c:179:6:TIM6_DAC_IRQHandler	8	static
