../Core/Src/utils.c:4:6:module_power_up	8	static
../Core/Src/utils.c:13:6:module_power_down	8	static
../Core/Src/utils.c:19:6:module_turn_on	8	static
../Core/Src/utils.c:27:6:module_turn_off	8	static
../Core/Src/utils.c:35:6:send_at_cmd	24	static
../Core/Src/utils.c:55:6:send_at_connect_cmd	32	static
../Core/Src/utils.c:105:7:strstrn	40	static
../Core/Src/utils.c:133:6:RED_LED_ON	8	static
../Core/Src/utils.c:138:6:RED_LED_OFF	8	static
../Core/Src/utils.c:143:6:GREEN_LED_ON	8	static
../Core/Src/utils.c:148:6:GREEN_LED_OFF	8	static
../Core/Src/utils.c:153:6:BLUE_LED_ON	8	static
../Core/Src/utils.c:158:6:BLUE_LED_OFF	8	static
../Core/Src/utils.c:163:6:BLINK_LED	40	static
../Core/Src/utils.c:173:6:convertUTCtoEET	48	static
../Core/Src/utils.c:190:6:formatDate	48	static
../Core/Src/utils.c:207:5:valid_number	40	static
../Core/Src/utils.c:283:7:convertToDecimalDegrees	48	static
../Core/Src/utils.c:302:6:buck_boost_enable	8	static
../Core/Src/utils.c:308:6:buck_boost_disable	8	static
