../Core/Src/utils.c:4:6:LIS2DW12_Init	8	static
../Core/Src/utils.c:11:6:LIS2DW12_ReadXYZ	40	static
../Core/Src/utils.c:30:6:module_power_up	8	static
../Core/Src/utils.c:39:6:module_power_down	8	static
../Core/Src/utils.c:45:6:module_turn_on	8	static
../Core/Src/utils.c:53:6:module_turn_off	8	static
../Core/Src/utils.c:61:6:send_at_cmd	24	static
../Core/Src/utils.c:81:6:send_at_connect_cmd	32	static
../Core/Src/utils.c:131:7:strstrn	40	static
../Core/Src/utils.c:159:6:RED_LED_ON	8	static
../Core/Src/utils.c:164:6:RED_LED_OFF	8	static
../Core/Src/utils.c:169:6:GREEN_LED_ON	8	static
../Core/Src/utils.c:174:6:GREEN_LED_OFF	8	static
../Core/Src/utils.c:179:6:BLUE_LED_ON	8	static
../Core/Src/utils.c:184:6:BLUE_LED_OFF	8	static
../Core/Src/utils.c:189:6:BLINK_LED	40	static
../Core/Src/utils.c:199:6:convertUTCtoEET	48	static
../Core/Src/utils.c:216:6:formatDate	48	static
../Core/Src/utils.c:233:5:valid_number	40	static
../Core/Src/utils.c:309:7:convertToDecimalDegrees	48	static
../Core/Src/utils.c:328:6:buck_boost_enable	8	static
../Core/Src/utils.c:334:6:buck_boost_disable	8	static
../Core/Src/utils.c:340:19:I2C_ReadMultiple	40	static
../Core/Src/utils.c:345:6:I2C_Write	40	static
../Core/Src/utils.c:350:7:getBatteryVoltage	16	static
