../Drivers/STM32L0xx_HAL_Driver/Src/stm32l0xx_hal_adc.c:2486:13:ADC_DelayMicroSecond	16	static
../Drivers/STM32L0xx_HAL_Driver/Src/stm32l0xx_hal_adc.c:2265:26:ADC_Disable	16	static
../Drivers/STM32L0xx_HAL_Driver/Src/stm32l0xx_hal_adc.c:2203:26:ADC_Enable	16	static
../Drivers/STM32L0xx_HAL_Driver/Src/stm32l0xx_hal_adc.c:2326:26:ADC_ConversionStop	16	static
../Drivers/STM32L0xx_HAL_Driver/Src/stm32l0xx_hal_adc.c:770:13:HAL_ADC_MspInit	0	static
../Drivers/STM32L0xx_HAL_Driver/Src/stm32l0xx_hal_adc.c:393:19:HAL_ADC_Init	16	static
../Drivers/STM32L0xx_HAL_Driver/Src/stm32l0xx_hal_adc.c:785:13:HAL_ADC_MspDeInit	0	static
../Drivers/STM32L0xx_HAL_Driver/Src/stm32l0xx_hal_adc.c:639:19:HAL_ADC_DeInit	16	static
../Drivers/STM32L0xx_HAL_Driver/Src/stm32l0xx_hal_adc.c:1023:19:HAL_ADC_Start	16	static
../Drivers/STM32L0xx_HAL_Driver/Src/stm32l0xx_hal_adc.c:1089:19:HAL_ADC_Stop	16	static
../Drivers/STM32L0xx_HAL_Driver/Src/stm32l0xx_hal_adc.c:1143:19:HAL_ADC_PollForConversion	24	static
../Drivers/STM32L0xx_HAL_Driver/Src/stm32l0xx_hal_adc.c:1273:19:HAL_ADC_PollForEvent	24	static
../Drivers/STM32L0xx_HAL_Driver/Src/stm32l0xx_hal_adc.c:1360:19:HAL_ADC_Start_IT	16	static
../Drivers/STM32L0xx_HAL_Driver/Src/stm32l0xx_hal_adc.c:1441:19:HAL_ADC_Stop_IT	16	static
../Drivers/STM32L0xx_HAL_Driver/Src/stm32l0xx_hal_adc.c:1491:19:HAL_ADC_Start_DMA	32	static
../Drivers/STM32L0xx_HAL_Driver/Src/stm32l0xx_hal_adc.c:1581:19:HAL_ADC_Stop_DMA	24	static
../Drivers/STM32L0xx_HAL_Driver/Src/stm32l0xx_hal_adc.c:1666:10:HAL_ADC_GetValue	0	static
../Drivers/STM32L0xx_HAL_Driver/Src/stm32l0xx_hal_adc.c:1817:13:HAL_ADC_ConvCpltCallback	0	static
../Drivers/STM32L0xx_HAL_Driver/Src/stm32l0xx_hal_adc.c:2380:13:ADC_DMAConvCplt	8	static
../Drivers/STM32L0xx_HAL_Driver/Src/stm32l0xx_hal_adc.c:1832:13:HAL_ADC_ConvHalfCpltCallback	0	static
../Drivers/STM32L0xx_HAL_Driver/Src/stm32l0xx_hal_adc.c:2444:13:ADC_DMAHalfConvCplt	8	static
../Drivers/STM32L0xx_HAL_Driver/Src/stm32l0xx_hal_adc.c:1847:13:HAL_ADC_LevelOutOfWindowCallback	0	static
../Drivers/STM32L0xx_HAL_Driver/Src/stm32l0xx_hal_adc.c:1869:13:HAL_ADC_ErrorCallback	0	static
../Drivers/STM32L0xx_HAL_Driver/Src/stm32l0xx_hal_adc.c:2462:13:ADC_DMAError	8	static
../Drivers/STM32L0xx_HAL_Driver/Src/stm32l0xx_hal_adc.c:1683:6:HAL_ADC_IRQHandler	24	static
../Drivers/STM32L0xx_HAL_Driver/Src/stm32l0xx_hal_adc.c:1920:19:HAL_ADC_ConfigChannel	24	static
../Drivers/STM32L0xx_HAL_Driver/Src/stm32l0xx_hal_adc.c:2039:19:HAL_ADC_AnalogWDGConfig	16	static
../Drivers/STM32L0xx_HAL_Driver/Src/stm32l0xx_hal_adc.c:2156:10:HAL_ADC_GetState	0	static
../Drivers/STM32L0xx_HAL_Driver/Src/stm32l0xx_hal_adc.c:2170:10:HAL_ADC_GetError	0	static
